// Jest Snapshot v1, https://goo.gl/fbAQLP

exports[`matches snapshot 1`] = `
<div
  className="button-css"
  data-testid="button"
>
  Hi this is alka
  save
</div>
`;
